Archive member included to satisfy reference by file (symbol)

/usr/lib/gcc/arm-none-eabi/10.2.0/thumb/v7e-m/nofp/libgcc.a(_aeabi_uldivmod.o)
                              CMakeFiles/CJMCU_811.elf.dir/Drivers/STM32F4xx_HAL_Driver/Src/stm32f4xx_hal_rcc.c.obj (__aeabi_uldivmod)
/usr/lib/gcc/arm-none-eabi/10.2.0/thumb/v7e-m/nofp/libgcc.a(_udivmoddi4.o)
                              /usr/lib/gcc/arm-none-eabi/10.2.0/thumb/v7e-m/nofp/libgcc.a(_aeabi_uldivmod.o) (__udivmoddi4)
/usr/lib/gcc/arm-none-eabi/10.2.0/thumb/v7e-m/nofp/libgcc.a(_dvmd_tls.o)
                              /usr/lib/gcc/arm-none-eabi/10.2.0/thumb/v7e-m/nofp/libgcc.a(_aeabi_uldivmod.o) (__aeabi_ldiv0)
/usr/lib/gcc/arm-none-eabi/10.2.0/../../../../arm-none-eabi/lib/thumb/v7e-m/nofp/libg.a(lib_a-atexit.o)
                              /usr/lib/gcc/arm-none-eabi/10.2.0/../../../../arm-none-eabi/lib/thumb/v7e-m/nofp/crt0.o (atexit)
/usr/lib/gcc/arm-none-eabi/10.2.0/../../../../arm-none-eabi/lib/thumb/v7e-m/nofp/libg.a(lib_a-errno.o)
                              CMakeFiles/CJMCU_811.elf.dir/Core/Src/syscalls.c.obj (__errno)
/usr/lib/gcc/arm-none-eabi/10.2.0/../../../../arm-none-eabi/lib/thumb/v7e-m/nofp/libg.a(lib_a-exit.o)
                              /usr/lib/gcc/arm-none-eabi/10.2.0/../../../../arm-none-eabi/lib/thumb/v7e-m/nofp/crt0.o (exit)
/usr/lib/gcc/arm-none-eabi/10.2.0/../../../../arm-none-eabi/lib/thumb/v7e-m/nofp/libg.a(lib_a-fini.o)
                              /usr/lib/gcc/arm-none-eabi/10.2.0/../../../../arm-none-eabi/lib/thumb/v7e-m/nofp/crt0.o (__libc_fini_array)
/usr/lib/gcc/arm-none-eabi/10.2.0/../../../../arm-none-eabi/lib/thumb/v7e-m/nofp/libg.a(lib_a-impure.o)
                              /usr/lib/gcc/arm-none-eabi/10.2.0/../../../../arm-none-eabi/lib/thumb/v7e-m/nofp/libg.a(lib_a-exit.o) (_global_impure_ptr)
/usr/lib/gcc/arm-none-eabi/10.2.0/../../../../arm-none-eabi/lib/thumb/v7e-m/nofp/libg.a(lib_a-init.o)
                              /usr/lib/gcc/arm-none-eabi/10.2.0/../../../../arm-none-eabi/lib/thumb/v7e-m/nofp/crt0.o (__libc_init_array)
/usr/lib/gcc/arm-none-eabi/10.2.0/../../../../arm-none-eabi/lib/thumb/v7e-m/nofp/libg.a(lib_a-memset.o)
                              /usr/lib/gcc/arm-none-eabi/10.2.0/../../../../arm-none-eabi/lib/thumb/v7e-m/nofp/crt0.o (memset)
/usr/lib/gcc/arm-none-eabi/10.2.0/../../../../arm-none-eabi/lib/thumb/v7e-m/nofp/libg.a(lib_a-strlen.o)
                              CMakeFiles/CJMCU_811.elf.dir/Core/Src/LiquidCrystal.c.obj (strlen)
/usr/lib/gcc/arm-none-eabi/10.2.0/../../../../arm-none-eabi/lib/thumb/v7e-m/nofp/libg.a(lib_a-vsprintf.o)
                              CMakeFiles/CJMCU_811.elf.dir/Core/Src/LiquidCrystal.c.obj (vsprintf)
/usr/lib/gcc/arm-none-eabi/10.2.0/../../../../arm-none-eabi/lib/thumb/v7e-m/nofp/libg.a(lib_a-__atexit.o)
                              /usr/lib/gcc/arm-none-eabi/10.2.0/../../../../arm-none-eabi/lib/thumb/v7e-m/nofp/libg.a(lib_a-atexit.o) (__register_exitproc)
/usr/lib/gcc/arm-none-eabi/10.2.0/../../../../arm-none-eabi/lib/thumb/v7e-m/nofp/libg.a(lib_a-__call_atexit.o)
                              /usr/lib/gcc/arm-none-eabi/10.2.0/../../../../arm-none-eabi/lib/thumb/v7e-m/nofp/libg.a(lib_a-exit.o) (__call_exitprocs)
/usr/lib/gcc/arm-none-eabi/10.2.0/../../../../arm-none-eabi/lib/thumb/v7e-m/nofp/libg.a(lib_a-lock.o)
                              /usr/lib/gcc/arm-none-eabi/10.2.0/../../../../arm-none-eabi/lib/thumb/v7e-m/nofp/libg.a(lib_a-__atexit.o) (__retarget_lock_acquire_recursive)
/usr/lib/gcc/arm-none-eabi/10.2.0/../../../../arm-none-eabi/lib/thumb/v7e-m/nofp/libg.a(lib_a-svfprintf.o)
                              /usr/lib/gcc/arm-none-eabi/10.2.0/../../../../arm-none-eabi/lib/thumb/v7e-m/nofp/libg.a(lib_a-vsprintf.o) (_svfprintf_r)
/usr/lib/gcc/arm-none-eabi/10.2.0/../../../../arm-none-eabi/lib/thumb/v7e-m/nofp/libg.a(lib_a-dtoa.o)
                              /usr/lib/gcc/arm-none-eabi/10.2.0/../../../../arm-none-eabi/lib/thumb/v7e-m/nofp/libg.a(lib_a-svfprintf.o) (_dtoa_r)
/usr/lib/gcc/arm-none-eabi/10.2.0/../../../../arm-none-eabi/lib/thumb/v7e-m/nofp/libg.a(lib_a-freer.o)
                              /usr/lib/gcc/arm-none-eabi/10.2.0/../../../../arm-none-eabi/lib/thumb/v7e-m/nofp/libg.a(lib_a-svfprintf.o) (_free_r)
/usr/lib/gcc/arm-none-eabi/10.2.0/../../../../arm-none-eabi/lib/thumb/v7e-m/nofp/libg.a(lib_a-localeconv.o)
                              /usr/lib/gcc/arm-none-eabi/10.2.0/../../../../arm-none-eabi/lib/thumb/v7e-m/nofp/libg.a(lib_a-svfprintf.o) (_localeconv_r)
/usr/lib/gcc/arm-none-eabi/10.2.0/../../../../arm-none-eabi/lib/thumb/v7e-m/nofp/libg.a(lib_a-locale.o)
                              /usr/lib/gcc/arm-none-eabi/10.2.0/../../../../arm-none-eabi/lib/thumb/v7e-m/nofp/libg.a(lib_a-localeconv.o) (__global_locale)
/usr/lib/gcc/arm-none-eabi/10.2.0/../../../../arm-none-eabi/lib/thumb/v7e-m/nofp/libg.a(lib_a-mallocr.o)
[...]
Memory Configuration

Name             Origin             Length             Attributes
RAM              0x0000000020000000 0x0000000000020000 xrw
FLASH            0x0000000008000000 0x0000000000080000 xr
*default*        0x0000000000000000 0xffffffffffffffff

Linker script and memory map

LOAD /usr/lib/gcc/arm-none-eabi/10.2.0/thumb/v7e-m/nofp/crti.o
LOAD /usr/lib/gcc/arm-none-eabi/10.2.0/thumb/v7e-m/nofp/crtbegin.o
LOAD /usr/lib/gcc/arm-none-eabi/10.2.0/../../../../arm-none-eabi/lib/thumb/v7e-m/nofp/crt0.o
LOAD CMakeFiles/CJMCU_811.elf.dir/Core/Src/LiquidCrystal.c.obj
LOAD CMakeFiles/CJMCU_811.elf.dir/Core/Src/main.c.obj
LOAD CMakeFiles/CJMCU_811.elf.dir/Core/Src/stm32f4xx_hal_msp.c.obj
LOAD CMakeFiles/CJMCU_811.elf.dir/Core/Src/stm32f4xx_it.c.obj
LOAD CMakeFiles/CJMCU_811.elf.dir/Core/Src/syscalls.c.obj
LOAD CMakeFiles/CJMCU_811.elf.dir/Core/Src/sysmem.c.obj
LOAD CMakeFiles/CJMCU_811.elf.dir/Core/Src/system_stm32f4xx.c.obj
LOAD CMakeFiles/CJMCU_811.elf.dir/Core/Startup/startup_stm32f411ceux.s.obj
LOAD CMakeFiles/CJMCU_811.elf.dir/Drivers/STM32F4xx_HAL_Driver/Src/stm32f4xx_hal.c.obj
LOAD CMakeFiles/CJMCU_811.elf.dir/Drivers/STM32F4xx_HAL_Driver/Src/stm32f4xx_hal_cortex.c.obj
LOAD CMakeFiles/CJMCU_811.elf.dir/Drivers/STM32F4xx_HAL_Driver/Src/stm32f4xx_hal_dma.c.obj
LOAD CMakeFiles/CJMCU_811.elf.dir/Drivers/STM32F4xx_HAL_Driver/Src/stm32f4xx_hal_dma_ex.c.obj
LOAD CMakeFiles/CJMCU_811.elf.dir/Drivers/STM32F4xx_HAL_Driver/Src/stm32f4xx_hal_exti.c.obj
LOAD CMakeFiles/CJMCU_811.elf.dir/Drivers/STM32F4xx_HAL_Driver/Src/stm32f4xx_hal_flash.c.obj
LOAD CMakeFiles/CJMCU_811.elf.dir/Drivers/STM32F4xx_HAL_Driver/Src/stm32f4xx_hal_flash_ex.c.obj
LOAD CMakeFiles/CJMCU_811.elf.dir/Drivers/STM32F4xx_HAL_Driver/Src/stm32f4xx_hal_flash_ramfunc.c.obj
LOAD CMakeFiles/CJMCU_811.elf.dir/Drivers/STM32F4xx_HAL_Driver/Src/stm32f4xx_hal_gpio.c.obj
LOAD CMakeFiles/CJMCU_811.elf.dir/Drivers/STM32F4xx_HAL_Driver/Src/stm32f4xx_hal_i2c.c.obj
LOAD CMakeFiles/CJMCU_811.elf.dir/Drivers/STM32F4xx_HAL_Driver/Src/stm32f4xx_hal_i2c_ex.c.obj
LOAD CMakeFiles/CJMCU_811.elf.dir/Drivers/STM32F4xx_HAL_Driver/Src/stm32f4xx_hal_pwr.c.obj
LOAD CMakeFiles/CJMCU_811.elf.dir/Drivers/STM32F4xx_HAL_Driver/Src/stm32f4xx_hal_pwr_ex.c.obj
LOAD CMakeFiles/CJMCU_811.elf.dir/Drivers/STM32F4xx_HAL_Driver/Src/stm32f4xx_hal_rcc.c.obj
LOAD CMakeFiles/CJMCU_811.elf.dir/Drivers/STM32F4xx_HAL_Driver/Src/stm32f4xx_hal_rcc_ex.c.obj
LOAD CMakeFiles/CJMCU_811.elf.dir/Drivers/STM32F4xx_HAL_Driver/Src/stm32f4xx_hal_tim.c.obj
LOAD CMakeFiles/CJMCU_811.elf.dir/Drivers/STM32F4xx_HAL_Driver/Src/stm32f4xx_hal_tim_ex.c.obj
START GROUP
LOAD /usr/lib/gcc/arm-none-eabi/10.2.0/thumb/v7e-m/nofp/libgcc.a
LOAD /usr/lib/gcc/arm-none-eabi/10.2.0/../../../../arm-none-eabi/lib/thumb/v7e-m/nofp/libg.a
LOAD /usr/lib/gcc/arm-none-eabi/10.2.0/../../../../arm-none-eabi/lib/thumb/v7e-m/nofp/libc.a
END GROUP
LOAD /usr/lib/gcc/arm-none-eabi/10.2.0/thumb/v7e-m/nofp/crtend.o
LOAD /usr/lib/gcc/arm-none-eabi/10.2.0/thumb/v7e-m/nofp/crtn.o
                0x0000000020020000                _estack = (ORIGIN (RAM) + LENGTH (RAM))
                0x0000000000000200                _Min_Heap_Size = 0x200
                0x0000000000000400                _Min_Stack_Size = 0x400

.isr_vector     0x0000000008000000      0x198
                0x0000000008000000                . = ALIGN (0x4)
 *(.isr_vector)
 .isr_vector    0x0000000008000000      0x198 CMakeFiles/CJMCU_811.elf.dir/Core/Startup/startup_stm32f411ceux.s.obj
                0x0000000008000000                g_pfnVectors
                0x0000000008000198                . = ALIGN (0x4)

.text           0x0000000008000198     0x2664
                0x0000000008000198                . = ALIGN (0x4)
 *(.text)
 .text          0x0000000008000198       0x30 /usr/lib/gcc/arm-none-eabi/10.2.0/thumb/v7e-m/nofp/libgcc.a(_aeabi_uldivmod.o)
                0x0000000008000198                __aeabi_uldivmod
 .text          0x00000000080001c8        0x4 /usr/lib/gcc/arm-none-eabi/10.2.0/thumb/v7e-m/nofp/libgcc.a(_dvmd_tls.o)
                0x00000000080001c8                __aeabi_ldiv0
                0x00000000080001c8                __aeabi_idiv0
 *(.text*)
 .text.__do_global_dtors_aux
                0x00000000080001cc       0x24 /usr/lib/gcc/arm-none-eabi/10.2.0/thumb/v7e-m/nofp/crtbegin.o
 .text.frame_dummy
                0x00000000080001f0       0x1c /usr/lib/gcc/arm-none-eabi/10.2.0/thumb/v7e-m/nofp/crtbegin.o
 .text.lcd16x2_i2c_sendCommand
                0x000000000800020c       0x50 CMakeFiles/CJMCU_811.elf.dir/Core/Src/LiquidCrystal.c.obj
 .text.lcd16x2_i2c_init
                0x000000000800025c       0xc0 CMakeFiles/CJMCU_811.elf.dir/Core/Src/LiquidCrystal.c.obj
                0x000000000800025c                lcd16x2_i2c_init
 .text.MX_GPIO_Init
                0x000000000800031c       0xdc CMakeFiles/CJMCU_811.elf.dir/Core/Src/main.c.obj
 .text.MX_I2C1_Init
                0x00000000080003f8       0x34 CMakeFiles/CJMCU_811.elf.dir/Core/Src/main.c.obj
 .text.cjmcu811_init
                0x000000000800042c       0xac CMakeFiles/CJMCU_811.elf.dir/Core/Src/main.c.obj
                0x000000000800042c                cjmcu811_init
 .text.cjmcu811_ReadAlgorithmData
                0x00000000080004d8       0x80 CMakeFiles/CJMCU_811.elf.dir/Core/Src/main.c.obj
                0x00000000080004d8                cjmcu811_ReadAlgorithmData
 .text.HAL_GPIO_EXTI_Callback
                0x0000000008000558       0x18 CMakeFiles/CJMCU_811.elf.dir/Core/Src/main.c.obj
                0x0000000008000558                HAL_GPIO_EXTI_Callback
 .text.SystemClock_Config
                0x0000000008000570       0x90 CMakeFiles/CJMCU_811.elf.dir/Core/Src/main.c.obj
                0x0000000008000570                SystemClock_Config
 .text.main     0x0000000008000600       0x38 CMakeFiles/CJMCU_811.elf.dir/Core/Src/main.c.obj
                0x0000000008000600                main
 .text.HAL_MspInit
                0x0000000008000638       0x38 CMakeFiles/CJMCU_811.elf.dir/Core/Src/stm32f4xx_hal_msp.c.obj
                0x0000000008000638                HAL_MspInit
 .text.HAL_I2C_MspInit
                0x0000000008000670       0x74 CMakeFiles/CJMCU_811.elf.dir/Core/Src/stm32f4xx_hal_msp.c.obj
                0x0000000008000670                HAL_I2C_MspInit
 .text.NMI_Handler
                0x00000000080006e4        0x2 CMakeFiles/CJMCU_811.elf.dir/Core/Src/stm32f4xx_it.c.obj
                0x00000000080006e4                NMI_Handler
 .text.HardFault_Handler
                0x00000000080006e6        0x2 CMakeFiles/CJMCU_811.elf.dir/Core/Src/stm32f4xx_it.c.obj
                0x00000000080006e6                HardFault_Handler
 .text.MemManage_Handler
                0x00000000080006e8        0x2 CMakeFiles/CJMCU_811.elf.dir/Core/Src/stm32f4xx_it.c.obj
                0x00000000080006e8                MemManage_Handler
 .text.BusFault_Handler
                0x00000000080006ea        0x2 CMakeFiles/CJMCU_811.elf.dir/Core/Src/stm32f4xx_it.c.obj
                0x00000000080006ea                BusFault_Handler
 .text.UsageFault_Handler
                0x00000000080006ec        0x2 CMakeFiles/CJMCU_811.elf.dir/Core/Src/stm32f4xx_it.c.obj
                0x00000000080006ec                UsageFault_Handler
 .text.SVC_Handler
                0x00000000080006ee        0x2 CMakeFiles/CJMCU_811.elf.dir/Core/Src/stm32f4xx_it.c.obj
                0x00000000080006ee                SVC_Handler
 .text.DebugMon_Handler
                0x00000000080006f0        0x2 CMakeFiles/CJMCU_811.elf.dir/Core/Src/stm32f4xx_it.c.obj
                0x00000000080006f0                DebugMon_Handler
 .text.PendSV_Handler
                0x00000000080006f2        0x2 CMakeFiles/CJMCU_811.elf.dir/Core/Src/stm32f4xx_it.c.obj
                0x00000000080006f2                PendSV_Handler
 .text.SysTick_Handler
                0x00000000080006f4        0x8 CMakeFiles/CJMCU_811.elf.dir/Core/Src/stm32f4xx_it.c.obj
                0x00000000080006f4                SysTick_Handler
 .text.EXTI2_IRQHandler
                0x00000000080006fc        0xa CMakeFiles/CJMCU_811.elf.dir/Core/Src/stm32f4xx_it.c.obj
                0x00000000080006fc                EXTI2_IRQHandler
 *fill*         0x0000000008000706        0x2 
 .text.SystemInit
                0x0000000008000708       0x10 CMakeFiles/CJMCU_811.elf.dir/Core/Src/system_stm32f4xx.c.obj
                0x0000000008000708                SystemInit
 .text.Reset_Handler
                0x0000000008000718       0x50 CMakeFiles/CJMCU_811.elf.dir/Core/Startup/startup_stm32f411ceux.s.obj
                0x0000000008000718                Reset_Handler
 .text.Default_Handler
                0x0000000008000768        0x2 CMakeFiles/CJMCU_811.elf.dir/Core/Startup/startup_stm32f411ceux.s.obj
                0x0000000008000768                RTC_Alarm_IRQHandler
                0x0000000008000768                SPI4_IRQHandler
                0x0000000008000768                TIM1_CC_IRQHandler
                0x0000000008000768                DMA2_Stream5_IRQHandler
                0x0000000008000768                DMA1_Stream5_IRQHandler
                0x0000000008000768                PVD_IRQHandler
                0x0000000008000768                SDIO_IRQHandler
                0x0000000008000768                TAMP_STAMP_IRQHandler
                0x0000000008000768                EXTI3_IRQHandler
                0x0000000008000768                TIM1_UP_TIM10_IRQHandler
                0x0000000008000768                I2C3_ER_IRQHandler
                0x0000000008000768                EXTI0_IRQHandler
                0x0000000008000768                I2C2_EV_IRQHandler
                0x0000000008000768                DMA1_Stream2_IRQHandler
                0x0000000008000768                FPU_IRQHandler
                0x0000000008000768                DMA2_Stream2_IRQHandler
                0x0000000008000768                SPI1_IRQHandler
                0x0000000008000768                TIM1_BRK_TIM9_IRQHandler
                0x0000000008000768                DMA2_Stream3_IRQHandler
                0x0000000008000768                USART6_IRQHandler
                0x0000000008000768                DMA2_Stream0_IRQHandler
                0x0000000008000768                TIM4_IRQHandler
                0x0000000008000768                I2C1_EV_IRQHandler
                0x0000000008000768                DMA1_Stream6_IRQHandler
                0x0000000008000768                DMA1_Stream1_IRQHandler
                0x0000000008000768                TIM3_IRQHandler
                0x0000000008000768                RCC_IRQHandler
                0x0000000008000768                Default_Handler
                0x0000000008000768                EXTI15_10_IRQHandler
                0x0000000008000768                ADC_IRQHandler
                0x0000000008000768                DMA1_Stream7_IRQHandler
                0x0000000008000768                SPI5_IRQHandler
                0x0000000008000768                TIM5_IRQHandler
                0x0000000008000768                DMA2_Stream7_IRQHandler
                0x0000000008000768                I2C3_EV_IRQHandler
                0x0000000008000768                EXTI9_5_IRQHandler
                0x0000000008000768                RTC_WKUP_IRQHandler
                0x0000000008000768                SPI2_IRQHandler
                0x0000000008000768                DMA1_Stream0_IRQHandler
                0x0000000008000768                EXTI4_IRQHandler
                0x0000000008000768                WWDG_IRQHandler
                0x0000000008000768                TIM2_IRQHandler
                0x0000000008000768                OTG_FS_WKUP_IRQHandler
                0x0000000008000768                TIM1_TRG_COM_TIM11_IRQHandler
                0x0000000008000768                EXTI1_IRQHandler
                0x0000000008000768                USART2_IRQHandler
                0x0000000008000768                I2C2_ER_IRQHandler
                0x0000000008000768                DMA2_Stream1_IRQHandler
                0x0000000008000768                FLASH_IRQHandler
                0x0000000008000768                DMA2_Stream4_IRQHandler
                0x0000000008000768                USART1_IRQHandler
                0x0000000008000768                OTG_FS_IRQHandler
                0x0000000008000768                SPI3_IRQHandler
                0x0000000008000768                DMA1_Stream4_IRQHandler
                0x0000000008000768                I2C1_ER_IRQHandler
                0x0000000008000768                DMA2_Stream6_IRQHandler
                0x0000000008000768                DMA1_Stream3_IRQHandler
 *fill*         0x000000000800076a        0x2 
 .text.HAL_InitTick
                0x000000000800076c       0x4c CMakeFiles/CJMCU_811.elf.dir/Drivers/STM32F4xx_HAL_Driver/Src/stm32f4xx_hal.c.obj
                0x000000000800076c                HAL_InitTick
 .text.HAL_Init
                0x00000000080007b8       0x34 CMakeFiles/CJMCU_811.elf.dir/Drivers/STM32F4xx_HAL_Driver/Src/stm32f4xx_hal.c.obj
                0x00000000080007b8                HAL_Init
 .text.HAL_IncTick
                0x00000000080007ec       0x18 CMakeFiles/CJMCU_811.elf.dir/Drivers/STM32F4xx_HAL_Driver/Src/stm32f4xx_hal.c.obj
                0x00000000080007ec                HAL_IncTick
 .text.HAL_GetTick
                0x0000000008000804        0xc CMakeFiles/CJMCU_811.elf.dir/Drivers/STM32F4xx_HAL_Driver/Src/stm32f4xx_hal.c.obj
                0x0000000008000804                HAL_GetTick
 .text.HAL_Delay
                0x0000000008000810       0x28 CMakeFiles/CJMCU_811.elf.dir/Drivers/STM32F4xx_HAL_Driver/Src/stm32f4xx_hal.c.obj
                0x0000000008000810                HAL_Delay
 .text.HAL_NVIC_SetPriorityGrouping
                0x0000000008000838       0x24 CMakeFiles/CJMCU_811.elf.dir/Drivers/STM32F4xx_HAL_Driver/Src/stm32f4xx_hal_cortex.c.obj
                0x0000000008000838                HAL_NVIC_SetPriorityGrouping
 .text.HAL_NVIC_SetPriority
                0x000000000800085c       0x70 CMakeFiles/CJMCU_811.elf.dir/Drivers/STM32F4xx_HAL_Driver/Src/stm32f4xx_hal_cortex.c.obj
                0x000000000800085c                HAL_NVIC_SetPriority
 .text.HAL_NVIC_EnableIRQ
                0x00000000080008cc       0x1c CMakeFiles/CJMCU_811.elf.dir/Drivers/STM32F4xx_HAL_Driver/Src/stm32f4xx_hal_cortex.c.obj
                0x00000000080008cc                HAL_NVIC_EnableIRQ
 .text.HAL_SYSTICK_Config
                0x00000000080008e8       0x28 CMakeFiles/CJMCU_811.elf.dir/Drivers/STM32F4xx_HAL_Driver/Src/stm32f4xx_hal_cortex.c.obj
                0x00000000080008e8                HAL_SYSTICK_Config
 .text.HAL_GPIO_Init
                0x0000000008000910      0x1ac CMakeFiles/CJMCU_811.elf.dir/Drivers/STM32F4xx_HAL_Driver/Src/stm32f4xx_hal_gpio.c.obj
                0x0000000008000910                HAL_GPIO_Init
 .text.HAL_GPIO_WritePin
                0x0000000008000abc        0xc CMakeFiles/CJMCU_811.elf.dir/Drivers/STM32F4xx_HAL_Driver/Src/stm32f4xx_hal_gpio.c.obj
                0x0000000008000abc                HAL_GPIO_WritePin
 .text.HAL_GPIO_TogglePin
                0x0000000008000ac8       0x12 CMakeFiles/CJMCU_811.elf.dir/Drivers/STM32F4xx_HAL_Driver/Src/stm32f4xx_hal_gpio.c.obj
                0x0000000008000ac8                HAL_GPIO_TogglePin
 *fill*         0x0000000008000ada        0x2 
 .text.HAL_GPIO_EXTI_IRQHandler
                0x0000000008000adc       0x1c CMakeFiles/CJMCU_811.elf.dir/Drivers/STM32F4xx_HAL_Driver/Src/stm32f4xx_hal_gpio.c.obj
                0x0000000008000adc                HAL_GPIO_EXTI_IRQHandler
 .text.I2C_IsAcknowledgeFailed
                0x0000000008000af8       0x32 CMakeFiles/CJMCU_811.elf.dir/Drivers/STM32F4xx_HAL_Driver/Src/stm32f4xx_hal_i2c.c.obj
 .text.I2C_WaitOnFlagUntilTimeout
                0x0000000008000b2a       0x7c CMakeFiles/CJMCU_811.elf.dir/Drivers/STM32F4xx_HAL_Driver/Src/stm32f4xx_hal_i2c.c.obj
 .text.I2C_WaitOnMasterAddressFlagUntilTimeout
                0x0000000008000ba6       0xaa CMakeFiles/CJMCU_811.elf.dir/Drivers/STM32F4xx_HAL_Driver/Src/stm32f4xx_hal_i2c.c.obj
 .text.I2C_MasterRequestWrite
                0x0000000008000c50       0xb4 CMakeFiles/CJMCU_811.elf.dir/Drivers/STM32F4xx_HAL_Driver/Src/stm32f4xx_hal_i2c.c.obj
 .text.I2C_MasterRequestRead
                0x0000000008000d04      0x120 CMakeFiles/CJMCU_811.elf.dir/Drivers/STM32F4xx_HAL_Driver/Src/stm32f4xx_hal_i2c.c.obj
 .text.I2C_WaitOnTXEFlagUntilTimeout
                0x0000000008000e24       0x54 CMakeFiles/CJMCU_811.elf.dir/Drivers/STM32F4xx_HAL_Driver/Src/stm32f4xx_hal_i2c.c.obj
 .text.I2C_RequestMemoryWrite
                0x0000000008000e78       0xd8 CMakeFiles/CJMCU_811.elf.dir/Drivers/STM32F4xx_HAL_Driver/Src/stm32f4xx_hal_i2c.c.obj
 .text.I2C_RequestMemoryRead
                0x0000000008000f50      0x154 CMakeFiles/CJMCU_811.elf.dir/Drivers/STM32F4xx_HAL_Driver/Src/stm32f4xx_hal_i2c.c.obj
 .text.I2C_WaitOnBTFFlagUntilTimeout
                0x00000000080010a4       0x54 CMakeFiles/CJMCU_811.elf.dir/Drivers/STM32F4xx_HAL_Driver/Src/stm32f4xx_hal_i2c.c.obj
 .text.I2C_WaitOnRXNEFlagUntilTimeout
                0x00000000080010f8       0x6a CMakeFiles/CJMCU_811.elf.dir/Drivers/STM32F4xx_HAL_Driver/Src/stm32f4xx_hal_i2c.c.obj
 *fill*         0x0000000008001162        0x2 
 .text.HAL_I2C_Init
                0x0000000008001164      0x1bc CMakeFiles/CJMCU_811.elf.dir/Drivers/STM32F4xx_HAL_Driver/Src/stm32f4xx_hal_i2c.c.obj
                0x0000000008001164                HAL_I2C_Init
 .text.HAL_I2C_Master_Transmit
                0x0000000008001320      0x178 CMakeFiles/CJMCU_811.elf.dir/Drivers/STM32F4xx_HAL_Driver/Src/stm32f4xx_hal_i2c.c.obj
                0x0000000008001320                HAL_I2C_Master_Transmit
 .text.HAL_I2C_Master_Receive
                0x0000000008001498      0x2e8 CMakeFiles/CJMCU_811.elf.dir/Drivers/STM32F4xx_HAL_Driver/Src/stm32f4xx_hal_i2c.c.obj
                0x0000000008001498                HAL_I2C_Master_Receive
 .text.HAL_I2C_Mem_Write
                0x0000000008001780      0x164 CMakeFiles/CJMCU_811.elf.dir/Drivers/STM32F4xx_HAL_Driver/Src/stm32f4xx_hal_i2c.c.obj
                0x0000000008001780                HAL_I2C_Mem_Write
 .text.HAL_I2C_Mem_Read
                0x00000000080018e4      0x2e4 CMakeFiles/CJMCU_811.elf.dir/Drivers/STM32F4xx_HAL_Driver/Src/stm32f4xx_hal_i2c.c.obj
                0x00000000080018e4                HAL_I2C_Mem_Read
 .text.HAL_I2C_IsDeviceReady
                0x0000000008001bc8      0x194 CMakeFiles/CJMCU_811.elf.dir/Drivers/STM32F4xx_HAL_Driver/Src/stm32f4xx_hal_i2c.c.obj
                0x0000000008001bc8                HAL_I2C_IsDeviceReady
 .text.HAL_RCC_OscConfig
                0x0000000008001d5c      0x3ec CMakeFiles/CJMCU_811.elf.dir/Drivers/STM32F4xx_HAL_Driver/Src/stm32f4xx_hal_rcc.c.obj
                0x0000000008001d5c                HAL_RCC_OscConfig
 .text.HAL_RCC_GetSysClockFreq
                0x0000000008002148       0xa4 CMakeFiles/CJMCU_811.elf.dir/Drivers/STM32F4xx_HAL_Driver/Src/stm32f4xx_hal_rcc.c.obj
                0x0000000008002148                HAL_RCC_GetSysClockFreq
 .text.HAL_RCC_ClockConfig
                0x00000000080021ec      0x160 CMakeFiles/CJMCU_811.elf.dir/Drivers/STM32F4xx_HAL_Driver/Src/stm32f4xx_hal_rcc.c.obj
                0x00000000080021ec                HAL_RCC_ClockConfig
 .text.HAL_RCC_GetHCLKFreq
                0x000000000800234c        0xc CMakeFiles/CJMCU_811.elf.dir/Drivers/STM32F4xx_HAL_Driver/Src/stm32f4xx_hal_rcc.c.obj
                0x000000000800234c                HAL_RCC_GetHCLKFreq
 .text.HAL_RCC_GetPCLK1Freq
                0x0000000008002358       0x20 CMakeFiles/CJMCU_811.elf.dir/Drivers/STM32F4xx_HAL_Driver/Src/stm32f4xx_hal_rcc.c.obj
                0x0000000008002358                HAL_RCC_GetPCLK1Freq
 .text.__udivmoddi4
                0x0000000008002378      0x2a6 /usr/lib/gcc/arm-none-eabi/10.2.0/thumb/v7e-m/nofp/libgcc.a(_udivmoddi4.o)
                0x0000000008002378                __udivmoddi4
 *fill*         0x000000000800261e        0x2 
 .text.atexit   0x0000000008002620        0xc /usr/lib/gcc/arm-none-eabi/10.2.0/../../../../arm-none-eabi/lib/thumb/v7e-m/nofp/libg.a(lib_a-atexit.o)
                0x0000000008002620                atexit
 .text.__libc_fini_array
                0x000000000800262c       0x2c /usr/lib/gcc/arm-none-eabi/10.2.0/../../../../arm-none-eabi/lib/thumb/v7e-m/nofp/libg.a(lib_a-fini.o)
                0x000000000800262c                __libc_fini_array
 .text.__libc_init_array
                0x0000000008002658       0x48 /usr/lib/gcc/arm-none-eabi/10.2.0/../../../../arm-none-eabi/lib/thumb/v7e-m/nofp/libg.a(lib_a-init.o)
                0x0000000008002658                __libc_init_array
 .text.memset   0x00000000080026a0       0xa0 /usr/lib/gcc/arm-none-eabi/10.2.0/../../../../arm-none-eabi/lib/thumb/v7e-m/nofp/libg.a(lib_a-memset.o)
                0x00000000080026a0                memset
 .text.__register_exitproc
                0x0000000008002740       0x88 /usr/lib/gcc/arm-none-eabi/10.2.0/../../../../arm-none-eabi/lib/thumb/v7e-m/nofp/libg.a(lib_a-__atexit.o)
                0x0000000008002740                __register_exitproc
 .text.startup.register_fini
                0x00000000080027c8       0x14 /usr/lib/gcc/arm-none-eabi/10.2.0/../../../../arm-none-eabi/lib/thumb/v7e-m/nofp/libg.a(lib_a-__call_atexit.o)
 .text.__retarget_lock_acquire_recursive
                0x00000000080027dc        0x4 /usr/lib/gcc/arm-none-eabi/10.2.0/../../../../arm-none-eabi/lib/thumb/v7e-m/nofp/libg.a(lib_a-lock.o)
                0x00000000080027dc                __retarget_lock_acquire_recursive
 .text.__retarget_lock_release_recursive
                0x00000000080027e0        0x4 /usr/lib/gcc/arm-none-eabi/10.2.0/../../../../arm-none-eabi/lib/thumb/v7e-m/nofp/libg.a(lib_a-lock.o)
                0x00000000080027e0                __retarget_lock_release_recursive
 *(.glue_7)
 .glue_7        0x00000000080027e4        0x0 linker stubs
 *(.glue_7t)
 .glue_7t       0x00000000080027e4        0x0 linker stubs
 *(.eh_frame)
 .eh_frame      0x00000000080027e4        0x0 /usr/lib/gcc/arm-none-eabi/10.2.0/thumb/v7e-m/nofp/crtbegin.o
 *(.init)
 .init          0x00000000080027e4        0x4 /usr/lib/gcc/arm-none-eabi/10.2.0/thumb/v7e-m/nofp/crti.o
                0x00000000080027e4                _init
 .init          0x00000000080027e8        0x8 /usr/lib/gcc/arm-none-eabi/10.2.0/thumb/v7e-m/nofp/crtn.o
 *(.fini)
 .fini          0x00000000080027f0        0x4 /usr/lib/gcc/arm-none-eabi/10.2.0/thumb/v7e-m/nofp/crti.o
                0x00000000080027f0                _fini
 .fini          0x00000000080027f4        0x8 /usr/lib/gcc/arm-none-eabi/10.2.0/thumb/v7e-m/nofp/crtn.o
                0x00000000080027fc                . = ALIGN (0x4)
                0x00000000080027fc                _etext = .

.vfp11_veneer   0x00000000080027fc        0x0
 .vfp11_veneer  0x00000000080027fc        0x0 linker stubs

.v4_bx          0x00000000080027fc        0x0
 .v4_bx         0x00000000080027fc        0x0 linker stubs

.iplt           0x00000000080027fc        0x0
 .iplt          0x00000000080027fc        0x0 /usr/lib/gcc/arm-none-eabi/10.2.0/thumb/v7e-m/nofp/crtbegin.o

.rodata         0x00000000080027fc       0x1c
                0x00000000080027fc                . = ALIGN (0x4)
 *(.rodata)
 *(.rodata*)
 .rodata.AHBPrescTable
                0x00000000080027fc       0x10 CMakeFiles/CJMCU_811.elf.dir/Core/Src/system_stm32f4xx.c.obj
                0x00000000080027fc                AHBPrescTable
 .rodata.APBPrescTable
                0x000000000800280c        0x8 CMakeFiles/CJMCU_811.elf.dir/Core/Src/system_stm32f4xx.c.obj
                0x000000000800280c                APBPrescTable
 .rodata._global_impure_ptr
                0x0000000008002814        0x4 /usr/lib/gcc/arm-none-eabi/10.2.0/../../../../arm-none-eabi/lib/thumb/v7e-m/nofp/libg.a(lib_a-impure.o)
                0x0000000008002814                _global_impure_ptr
                0x0000000008002818                . = ALIGN (0x4)

.ARM.extab      0x0000000008002818        0x0
                0x0000000008002818                . = ALIGN (0x4)
 *(.ARM.extab* .gnu.linkonce.armextab.*)
                0x0000000008002818                . = ALIGN (0x4)

.ARM            0x0000000008002818        0x8
                0x0000000008002818                . = ALIGN (0x4)
                0x0000000008002818                __exidx_start = .
 *(.ARM.exidx*)
 .ARM.exidx.text.__udivmoddi4
                0x0000000008002818        0x8 /usr/lib/gcc/arm-none-eabi/10.2.0/thumb/v7e-m/nofp/libgcc.a(_udivmoddi4.o)
                0x0000000008002820                __exidx_end = .
                0x0000000008002820                . = ALIGN (0x4)

.rel.dyn        0x0000000008002820        0x0
 .rel.iplt      0x0000000008002820        0x0 /usr/lib/gcc/arm-none-eabi/10.2.0/thumb/v7e-m/nofp/crtbegin.o

.preinit_array  0x0000000008002820        0x0
                0x0000000008002820                . = ALIGN (0x4)
                0x0000000008002820                PROVIDE (__preinit_array_start = .)
 *(.preinit_array*)
                0x0000000008002820                PROVIDE (__preinit_array_end = .)
                0x0000000008002820                . = ALIGN (0x4)

.init_array     0x0000000008002820        0x8
                0x0000000008002820                . = ALIGN (0x4)
                0x0000000008002820                PROVIDE (__init_array_start = .)
 *(SORT_BY_NAME(.init_array.*))
 .init_array.00000
                0x0000000008002820        0x4 /usr/lib/gcc/arm-none-eabi/10.2.0/../../../../arm-none-eabi/lib/thumb/v7e-m/nofp/libg.a(lib_a-__call_atexit.o)
 *(.init_array*)
 .init_array    0x0000000008002824        0x4 /usr/lib/gcc/arm-none-eabi/10.2.0/thumb/v7e-m/nofp/crtbegin.o
                0x0000000008002828                PROVIDE (__init_array_end = .)
                0x0000000008002828                . = ALIGN (0x4)

.fini_array     0x0000000008002828        0x4
                0x0000000008002828                . = ALIGN (0x4)
                0x0000000008002828                PROVIDE (__fini_array_start = .)
 *(SORT_BY_NAME(.fini_array.*))
 *(.fini_array*)
 .fini_array    0x0000000008002828        0x4 /usr/lib/gcc/arm-none-eabi/10.2.0/thumb/v7e-m/nofp/crtbegin.o
                0x000000000800282c                PROVIDE (__fini_array_end = .)
                0x000000000800282c                . = ALIGN (0x4)
                0x000000000800282c                _sidata = LOADADDR (.data)

.data           0x0000000020000000      0x43c load address 0x000000000800282c
                0x0000000020000000                . = ALIGN (0x4)
                0x0000000020000000                _sdata = .
 *(.data)
 *(.data*)
 .data.CHECK_ALIVE
                0x0000000020000000        0x1 CMakeFiles/CJMCU_811.elf.dir/Core/Src/main.c.obj
                0x0000000020000000                CHECK_ALIVE
 *fill*         0x0000000020000001        0x3 
 .data.SystemCoreClock
                0x0000000020000004        0x4 CMakeFiles/CJMCU_811.elf.dir/Core/Src/system_stm32f4xx.c.obj
                0x0000000020000004                SystemCoreClock
 .data.uwTickFreq
                0x0000000020000008        0x1 CMakeFiles/CJMCU_811.elf.dir/Drivers/STM32F4xx_HAL_Driver/Src/stm32f4xx_hal.c.obj
                0x0000000020000008                uwTickFreq
 *fill*         0x0000000020000009        0x3 
 .data.uwTickPrio
                0x000000002000000c        0x4 CMakeFiles/CJMCU_811.elf.dir/Drivers/STM32F4xx_HAL_Driver/Src/stm32f4xx_hal.c.obj
                0x000000002000000c                uwTickPrio
 .data.impure_data
                0x0000000020000010      0x428 /usr/lib/gcc/arm-none-eabi/10.2.0/../../../../arm-none-eabi/lib/thumb/v7e-m/nofp/libg.a(lib_a-impure.o)
 .data.__atexit_recursive_mutex
                0x0000000020000438        0x4 /usr/lib/gcc/arm-none-eabi/10.2.0/../../../../arm-none-eabi/lib/thumb/v7e-m/nofp/libg.a(lib_a-__call_atexit.o)
                0x0000000020000438                __atexit_recursive_mutex
                0x000000002000043c                . = ALIGN (0x4)
                0x000000002000043c                _edata = .

.igot.plt       0x000000002000043c        0x0 load address 0x0000000008002c68
 .igot.plt      0x000000002000043c        0x0 /usr/lib/gcc/arm-none-eabi/10.2.0/thumb/v7e-m/nofp/crtbegin.o
                0x000000002000043c                . = ALIGN (0x4)

.bss            0x000000002000043c       0xa8 load address 0x0000000008002c68
                0x000000002000043c                _sbss = .
                0x000000002000043c                __bss_start__ = _sbss
 *(.bss)
 *(.bss*)
 .bss.completed.1
                0x000000002000043c        0x1 /usr/lib/gcc/arm-none-eabi/10.2.0/thumb/v7e-m/nofp/crtbegin.o
 *fill*         0x000000002000043d        0x3 
 .bss.object.0  0x0000000020000440       0x18 /usr/lib/gcc/arm-none-eabi/10.2.0/thumb/v7e-m/nofp/crtbegin.o
 .bss.LCD_I2C_SLAVE_ADDRESS
                0x0000000020000458        0x1 CMakeFiles/CJMCU_811.elf.dir/Core/Src/LiquidCrystal.c.obj
 *fill*         0x0000000020000459        0x3 
 .bss.lcd16x2_i2cHandle
                0x000000002000045c        0x4 CMakeFiles/CJMCU_811.elf.dir/Core/Src/LiquidCrystal.c.obj
 .bss.CO2       0x0000000020000460        0x2 CMakeFiles/CJMCU_811.elf.dir/Core/Src/main.c.obj
                0x0000000020000460                CO2
 .bss.MEAS_state
                0x0000000020000462        0x1 CMakeFiles/CJMCU_811.elf.dir/Core/Src/main.c.obj
                0x0000000020000462                MEAS_state
 *fill*         0x0000000020000463        0x1 
 .bss.TVOC      0x0000000020000464        0x2 CMakeFiles/CJMCU_811.elf.dir/Core/Src/main.c.obj
                0x0000000020000464                TVOC
 *fill*         0x0000000020000466        0x2 
 .bss.hi2c1     0x0000000020000468       0x54 CMakeFiles/CJMCU_811.elf.dir/Core/Src/main.c.obj
                0x0000000020000468                hi2c1
 .bss.uwTick    0x00000000200004bc        0x4 CMakeFiles/CJMCU_811.elf.dir/Drivers/STM32F4xx_HAL_Driver/Src/stm32f4xx_hal.c.obj
                0x00000000200004bc                uwTick
 *(COMMON)
 COMMON         0x00000000200004c0       0x21 /usr/lib/gcc/arm-none-eabi/10.2.0/../../../../arm-none-eabi/lib/thumb/v7e-m/nofp/libg.a(lib_a-lock.o)
                0x00000000200004c0                __lock___atexit_recursive_mutex
                0x00000000200004c4                __lock___arc4random_mutex
                0x00000000200004c8                __lock___env_recursive_mutex
                0x00000000200004cc                __lock___sinit_recursive_mutex
                0x00000000200004d0                __lock___malloc_recursive_mutex
                0x00000000200004d4                __lock___at_quick_exit_mutex
                0x00000000200004d8                __lock___dd_hash_mutex
                0x00000000200004dc                __lock___tz_mutex
                0x00000000200004e0                __lock___sfp_recursive_mutex
                0x00000000200004e4                . = ALIGN (0x4)
 *fill*         0x00000000200004e1        0x3 
                0x00000000200004e4                _ebss = .
                0x00000000200004e4                __bss_end__ = _ebss

._user_heap_stack
                0x00000000200004e4      0x604 load address 0x0000000008002c68
                0x00000000200004e8                . = ALIGN (0x8)
 *fill*         0x00000000200004e4        0x4 
                [!provide]                        PROVIDE (end = .)
                0x00000000200004e8                PROVIDE (_end = .)
                0x00000000200006e8                . = (. + _Min_Heap_Size)
 *fill*         0x00000000200004e8      0x200 
                0x0000000020000ae8                . = (. + _Min_Stack_Size)
 *fill*         0x00000000200006e8      0x400 
                0x0000000020000ae8                . = ALIGN (0x8)

/DISCARD/
 libc.a(*)
 libm.a(*)
 libgcc.a(*)

.ARM.attributes
                0x0000000000000000       0x2a
 *(.ARM.attributes)
 .ARM.attributes
                0x0000000000000000       0x1e /usr/lib/gcc/arm-none-eabi/10.2.0/thumb/v7e-m/nofp/crti.o
 .ARM.attributes
                0x000000000000001e       0x2e /usr/lib/gcc/arm-none-eabi/10.2.0/thumb/v7e-m/nofp/crtbegin.o
 .ARM.attributes
                0x000000000000004c       0x2e CMakeFiles/CJMCU_811.elf.dir/Core/Src/LiquidCrystal.c.obj
 .ARM.attributes
                0x000000000000007a       0x2e CMakeFiles/CJMCU_811.elf.dir/Core/Src/main.c.obj
 .ARM.attributes
                0x00000000000000a8       0x2e CMakeFiles/CJMCU_811.elf.dir/Core/Src/stm32f4xx_hal_msp.c.obj
 .ARM.attributes
                0x00000000000000d6       0x2e CMakeFiles/CJMCU_811.elf.dir/Core/Src/stm32f4xx_it.c.obj
 .ARM.attributes
                0x0000000000000104       0x2e CMakeFiles/CJMCU_811.elf.dir/Core/Src/system_stm32f4xx.c.obj
 .ARM.attributes
                0x0000000000000132       0x21 CMakeFiles/CJMCU_811.elf.dir/Core/Startup/startup_stm32f411ceux.s.obj
 .ARM.attributes
                0x0000000000000153       0x2e CMakeFiles/CJMCU_811.elf.dir/Drivers/STM32F4xx_HAL_Driver/Src/stm32f4xx_hal.c.obj
 .ARM.attributes
                0x0000000000000181       0x2e CMakeFiles/CJMCU_811.elf.dir/Drivers/STM32F4xx_HAL_Driver/Src/stm32f4xx_hal_cortex.c.obj
 .ARM.attributes
                0x00000000000001af       0x2e CMakeFiles/CJMCU_811.elf.dir/Drivers/STM32F4xx_HAL_Driver/Src/stm32f4xx_hal_gpio.c.obj
 .ARM.attributes
                0x00000000000001dd       0x2e CMakeFiles/CJMCU_811.elf.dir/Drivers/STM32F4xx_HAL_Driver/Src/stm32f4xx_hal_i2c.c.obj
 .ARM.attributes
                0x000000000000020b       0x2e CMakeFiles/CJMCU_811.elf.dir/Drivers/STM32F4xx_HAL_Driver/Src/stm32f4xx_hal_rcc.c.obj
 .ARM.attributes
                0x0000000000000239       0x1e /usr/lib/gcc/arm-none-eabi/10.2.0/thumb/v7e-m/nofp/libgcc.a(_aeabi_uldivmod.o)
 .ARM.attributes
                0x0000000000000257       0x2e /usr/lib/gcc/arm-none-eabi/10.2.0/thumb/v7e-m/nofp/libgcc.a(_udivmoddi4.o)
 .ARM.attributes
                0x0000000000000285       0x1e /usr/lib/gcc/arm-none-eabi/10.2.0/thumb/v7e-m/nofp/libgcc.a(_dvmd_tls.o)
 .ARM.attributes
                0x00000000000002a3       0x2e /usr/lib/gcc/arm-none-eabi/10.2.0/../../../../arm-none-eabi/lib/thumb/v7e-m/nofp/libg.a(lib_a-atexit.o)
 .ARM.attributes
                0x00000000000002d1       0x2e /usr/lib/gcc/arm-none-eabi/10.2.0/../../../../arm-none-eabi/lib/thumb/v7e-m/nofp/libg.a(lib_a-fini.o)
 .ARM.attributes
                0x00000000000002ff       0x2e /usr/lib/gcc/arm-none-eabi/10.2.0/../../../../arm-none-eabi/lib/thumb/v7e-m/nofp/libg.a(lib_a-impure.o)
 .ARM.attributes
                0x000000000000032d       0x2e /usr/lib/gcc/arm-none-eabi/10.2.0/../../../../arm-none-eabi/lib/thumb/v7e-m/nofp/libg.a(lib_a-init.o)
 .ARM.attributes
                0x000000000000035b       0x2e /usr/lib/gcc/arm-none-eabi/10.2.0/../../../../arm-none-eabi/lib/thumb/v7e-m/nofp/libg.a(lib_a-memset.o)
 .ARM.attributes
                0x0000000000000389       0x2e /usr/lib/gcc/arm-none-eabi/10.2.0/../../../../arm-none-eabi/lib/thumb/v7e-m/nofp/libg.a(lib_a-__atexit.o)
 .ARM.attributes
                0x00000000000003b7       0x2e /usr/lib/gcc/arm-none-eabi/10.2.0/../../../../arm-none-eabi/lib/thumb/v7e-m/nofp/libg.a(lib_a-__call_atexit.o)
 .ARM.attributes
                0x00000000000003e5       0x2e /usr/lib/gcc/arm-none-eabi/10.2.0/../../../../arm-none-eabi/lib/thumb/v7e-m/nofp/libg.a(lib_a-lock.o)
 .ARM.attributes
                0x0000000000000413       0x1e /usr/lib/gcc/arm-none-eabi/10.2.0/thumb/v7e-m/nofp/crtn.o
OUTPUT(CJMCU_811.elf elf32-littlearm)
LOAD linker stubs
LOAD /usr/lib/gcc/arm-none-eabi/10.2.0/../../../../arm-none-eabi/lib/thumb/v7e-m/nofp/libc.a
LOAD /usr/lib/gcc/arm-none-eabi/10.2.0/../../../../arm-none-eabi/lib/thumb/v7e-m/nofp/libm.a
LOAD /usr/lib/gcc/arm-none-eabi/10.2.0/thumb/v7e-m/nofp/libgcc.a

.debug_info     0x0000000000000000     0x9757
 .debug_info    0x0000000000000000      0xd09 CMakeFiles/CJMCU_811.elf.dir/Core/Src/LiquidCrystal.c.obj
 .debug_info    0x0000000000000d09     0x1384 CMakeFiles/CJMCU_811.elf.dir/Core/Src/main.c.obj
 .debug_info    0x000000000000208d      0xa40 CMakeFiles/CJMCU_811.elf.dir/Core/Src/stm32f4xx_hal_msp.c.obj
 .debug_info    0x0000000000002acd      0x179 CMakeFiles/CJMCU_811.elf.dir/Core/Src/stm32f4xx_it.c.obj
 .debug_info    0x0000000000002c46      0x564 CMakeFiles/CJMCU_811.elf.dir/Core/Src/system_stm32f4xx.c.obj
 .debug_info    0x00000000000031aa       0x22 CMakeFiles/CJMCU_811.elf.dir/Core/Startup/startup_stm32f411ceux.s.obj
 .debug_info    0x00000000000031cc      0x982 CMakeFiles/CJMCU_811.elf.dir/Drivers/STM32F4xx_HAL_Driver/Src/stm32f4xx_hal.c.obj
 .debug_info    0x0000000000003b4e     0x1008 CMakeFiles/CJMCU_811.elf.dir/Drivers/STM32F4xx_HAL_Driver/Src/stm32f4xx_hal_cortex.c.obj
 .debug_info    0x0000000000004b56      0x7bf CMakeFiles/CJMCU_811.elf.dir/Drivers/STM32F4xx_HAL_Driver/Src/stm32f4xx_hal_gpio.c.obj
 .debug_info    0x0000000000005315     0x3917 CMakeFiles/CJMCU_811.elf.dir/Drivers/STM32F4xx_HAL_Driver/Src/stm32f4xx_hal_i2c.c.obj
 .debug_info    0x0000000000008c2c      0xb2b CMakeFiles/CJMCU_811.elf.dir/Drivers/STM32F4xx_HAL_Driver/Src/stm32f4xx_hal_rcc.c.obj

.debug_abbrev   0x0000000000000000     0x1515
 .debug_abbrev  0x0000000000000000      0x267 CMakeFiles/CJMCU_811.elf.dir/Core/Src/LiquidCrystal.c.obj
 .debug_abbrev  0x0000000000000267      0x299 CMakeFiles/CJMCU_811.elf.dir/Core/Src/main.c.obj
 .debug_abbrev  0x0000000000000500      0x19c CMakeFiles/CJMCU_811.elf.dir/Core/Src/stm32f4xx_hal_msp.c.obj
 .debug_abbrev  0x000000000000069c       0xa4 CMakeFiles/CJMCU_811.elf.dir/Core/Src/stm32f4xx_it.c.obj
 .debug_abbrev  0x0000000000000740      0x119 CMakeFiles/CJMCU_811.elf.dir/Core/Src/system_stm32f4xx.c.obj
 .debug_abbrev  0x0000000000000859       0x12 CMakeFiles/CJMCU_811.elf.dir/Core/Startup/startup_stm32f411ceux.s.obj
 .debug_abbrev  0x000000000000086b      0x237 CMakeFiles/CJMCU_811.elf.dir/Drivers/STM32F4xx_HAL_Driver/Src/stm32f4xx_hal.c.obj
 .debug_abbrev  0x0000000000000aa2      0x36a CMakeFiles/CJMCU_811.elf.dir/Drivers/STM32F4xx_HAL_Driver/Src/stm32f4xx_hal_cortex.c.obj
 .debug_abbrev  0x0000000000000e0c      0x1ef CMakeFiles/CJMCU_811.elf.dir/Drivers/STM32F4xx_HAL_Driver/Src/stm32f4xx_hal_gpio.c.obj
 .debug_abbrev  0x0000000000000ffb      0x290 CMakeFiles/CJMCU_811.elf.dir/Drivers/STM32F4xx_HAL_Driver/Src/stm32f4xx_hal_i2c.c.obj
 .debug_abbrev  0x000000000000128b      0x28a CMakeFiles/CJMCU_811.elf.dir/Drivers/STM32F4xx_HAL_Driver/Src/stm32f4xx_hal_rcc.c.obj

.debug_loc      0x0000000000000000     0x57d5
 .debug_loc     0x0000000000000000      0x2cb CMakeFiles/CJMCU_811.elf.dir/Core/Src/LiquidCrystal.c.obj
 .debug_loc     0x00000000000002cb       0xad CMakeFiles/CJMCU_811.elf.dir/Core/Src/main.c.obj
 .debug_loc     0x0000000000000378       0x67 CMakeFiles/CJMCU_811.elf.dir/Core/Src/stm32f4xx_hal_msp.c.obj
 .debug_loc     0x00000000000003df      0x158 CMakeFiles/CJMCU_811.elf.dir/Core/Src/system_stm32f4xx.c.obj
 .debug_loc     0x0000000000000537      0x141 CMakeFiles/CJMCU_811.elf.dir/Drivers/STM32F4xx_HAL_Driver/Src/stm32f4xx_hal.c.obj
 .debug_loc     0x0000000000000678      0x744 CMakeFiles/CJMCU_811.elf.dir/Drivers/STM32F4xx_HAL_Driver/Src/stm32f4xx_hal_cortex.c.obj
 .debug_loc     0x0000000000000dbc      0x4ff CMakeFiles/CJMCU_811.elf.dir/Drivers/STM32F4xx_HAL_Driver/Src/stm32f4xx_hal_gpio.c.obj
 .debug_loc     0x00000000000012bb     0x3f8e CMakeFiles/CJMCU_811.elf.dir/Drivers/STM32F4xx_HAL_Driver/Src/stm32f4xx_hal_i2c.c.obj
 .debug_loc     0x0000000000005249      0x58c CMakeFiles/CJMCU_811.elf.dir/Drivers/STM32F4xx_HAL_Driver/Src/stm32f4xx_hal_rcc.c.obj

.debug_aranges  0x0000000000000000      0x6e0
 .debug_aranges
                0x0000000000000000       0x88 CMakeFiles/CJMCU_811.elf.dir/Core/Src/LiquidCrystal.c.obj
 .debug_aranges
                0x0000000000000088       0x58 CMakeFiles/CJMCU_811.elf.dir/Core/Src/main.c.obj
 .debug_aranges
                0x00000000000000e0       0x30 CMakeFiles/CJMCU_811.elf.dir/Core/Src/stm32f4xx_hal_msp.c.obj
 .debug_aranges
                0x0000000000000110       0x68 CMakeFiles/CJMCU_811.elf.dir/Core/Src/stm32f4xx_it.c.obj
 .debug_aranges
                0x0000000000000178       0x28 CMakeFiles/CJMCU_811.elf.dir/Core/Src/system_stm32f4xx.c.obj
 .debug_aranges
                0x00000000000001a0       0x28 CMakeFiles/CJMCU_811.elf.dir/Core/Startup/startup_stm32f411ceux.s.obj
 .debug_aranges
                0x00000000000001c8       0xf0 CMakeFiles/CJMCU_811.elf.dir/Drivers/STM32F4xx_HAL_Driver/Src/stm32f4xx_hal.c.obj
 .debug_aranges
                0x00000000000002b8       0xa8 CMakeFiles/CJMCU_811.elf.dir/Drivers/STM32F4xx_HAL_Driver/Src/stm32f4xx_hal_cortex.c.obj
 .debug_aranges
                0x0000000000000360       0x58 CMakeFiles/CJMCU_811.elf.dir/Drivers/STM32F4xx_HAL_Driver/Src/stm32f4xx_hal_gpio.c.obj
 .debug_aranges
                0x00000000000003b8      0x2a0 CMakeFiles/CJMCU_811.elf.dir/Drivers/STM32F4xx_HAL_Driver/Src/stm32f4xx_hal_i2c.c.obj
 .debug_aranges
                0x0000000000000658       0x88 CMakeFiles/CJMCU_811.elf.dir/Drivers/STM32F4xx_HAL_Driver/Src/stm32f4xx_hal_rcc.c.obj

.debug_ranges   0x0000000000000000      0x6c8
 .debug_ranges  0x0000000000000000       0x78 CMakeFiles/CJMCU_811.elf.dir/Core/Src/LiquidCrystal.c.obj
 .debug_ranges  0x0000000000000078       0x48 CMakeFiles/CJMCU_811.elf.dir/Core/Src/main.c.obj
 .debug_ranges  0x00000000000000c0       0x20 CMakeFiles/CJMCU_811.elf.dir/Core/Src/stm32f4xx_hal_msp.c.obj
 .debug_ranges  0x00000000000000e0       0x58 CMakeFiles/CJMCU_811.elf.dir/Core/Src/stm32f4xx_it.c.obj
 .debug_ranges  0x0000000000000138       0x18 CMakeFiles/CJMCU_811.elf.dir/Core/Src/system_stm32f4xx.c.obj
 .debug_ranges  0x0000000000000150       0x20 CMakeFiles/CJMCU_811.elf.dir/Core/Startup/startup_stm32f411ceux.s.obj
 .debug_ranges  0x0000000000000170       0xe0 CMakeFiles/CJMCU_811.elf.dir/Drivers/STM32F4xx_HAL_Driver/Src/stm32f4xx_hal.c.obj
 .debug_ranges  0x0000000000000250       0xf8 CMakeFiles/CJMCU_811.elf.dir/Drivers/STM32F4xx_HAL_Driver/Src/stm32f4xx_hal_cortex.c.obj
 .debug_ranges  0x0000000000000348       0x48 CMakeFiles/CJMCU_811.elf.dir/Drivers/STM32F4xx_HAL_Driver/Src/stm32f4xx_hal_gpio.c.obj
 .debug_ranges  0x0000000000000390      0x2a8 CMakeFiles/CJMCU_811.elf.dir/Drivers/STM32F4xx_HAL_Driver/Src/stm32f4xx_hal_i2c.c.obj
 .debug_ranges  0x0000000000000638       0x90 CMakeFiles/CJMCU_811.elf.dir/Drivers/STM32F4xx_HAL_Driver/Src/stm32f4xx_hal_rcc.c.obj

.debug_line     0x0000000000000000     0x843e
 .debug_line    0x0000000000000000      0x55d CMakeFiles/CJMCU_811.elf.dir/Core/Src/LiquidCrystal.c.obj
 .debug_line    0x000000000000055d      0x58b CMakeFiles/CJMCU_811.elf.dir/Core/Src/main.c.obj
 .debug_line    0x0000000000000ae8      0x2a3 CMakeFiles/CJMCU_811.elf.dir/Core/Src/stm32f4xx_hal_msp.c.obj
 .debug_line    0x0000000000000d8b      0x257 CMakeFiles/CJMCU_811.elf.dir/Core/Src/stm32f4xx_it.c.obj
 .debug_line    0x0000000000000fe2      0x281 CMakeFiles/CJMCU_811.elf.dir/Core/Src/system_stm32f4xx.c.obj
 .debug_line    0x0000000000001263       0xb1 CMakeFiles/CJMCU_811.elf.dir/Core/Startup/startup_stm32f411ceux.s.obj
 .debug_line    0x0000000000001314      0x5c5 CMakeFiles/CJMCU_811.elf.dir/Drivers/STM32F4xx_HAL_Driver/Src/stm32f4xx_hal.c.obj
 .debug_line    0x00000000000018d9      0x7d8 CMakeFiles/CJMCU_811.elf.dir/Drivers/STM32F4xx_HAL_Driver/Src/stm32f4xx_hal_cortex.c.obj
 .debug_line    0x00000000000020b1      0x6ef CMakeFiles/CJMCU_811.elf.dir/Drivers/STM32F4xx_HAL_Driver/Src/stm32f4xx_hal_gpio.c.obj
 .debug_line    0x00000000000027a0     0x515c CMakeFiles/CJMCU_811.elf.dir/Drivers/STM32F4xx_HAL_Driver/Src/stm32f4xx_hal_i2c.c.obj
 .debug_line    0x00000000000078fc      0xb42 CMakeFiles/CJMCU_811.elf.dir/Drivers/STM32F4xx_HAL_Driver/Src/stm32f4xx_hal_rcc.c.obj

.debug_str      0x0000000000000000     0x2768
 .debug_str     0x0000000000000000      0x888 CMakeFiles/CJMCU_811.elf.dir/Core/Src/LiquidCrystal.c.obj
                                        0x92f (size before relaxing)
 .debug_str     0x0000000000000888      0x883 CMakeFiles/CJMCU_811.elf.dir/Core/Src/main.c.obj
                                        0xfa4 (size before relaxing)
 .debug_str     0x000000000000110b       0x8a CMakeFiles/CJMCU_811.elf.dir/Core/Src/stm32f4xx_hal_msp.c.obj
                                        0x8a7 (size before relaxing)
 .debug_str     0x0000000000001195      0x10d CMakeFiles/CJMCU_811.elf.dir/Core/Src/stm32f4xx_it.c.obj
                                        0x2a4 (size before relaxing)
 .debug_str     0x00000000000012a2      0x107 CMakeFiles/CJMCU_811.elf.dir/Core/Src/system_stm32f4xx.c.obj
                                        0x3be (size before relaxing)
 .debug_str     0x00000000000013a9       0x62 CMakeFiles/CJMCU_811.elf.dir/Core/Startup/startup_stm32f411ceux.s.obj
                                         0xa3 (size before relaxing)
 .debug_str     0x000000000000140b      0x371 CMakeFiles/CJMCU_811.elf.dir/Drivers/STM32F4xx_HAL_Driver/Src/stm32f4xx_hal.c.obj
                                        0xa4b (size before relaxing)
 .debug_str     0x000000000000177c      0x477 CMakeFiles/CJMCU_811.elf.dir/Drivers/STM32F4xx_HAL_Driver/Src/stm32f4xx_hal_cortex.c.obj
                                        0xb0b (size before relaxing)
 .debug_str     0x0000000000001bf3      0x108 CMakeFiles/CJMCU_811.elf.dir/Drivers/STM32F4xx_HAL_Driver/Src/stm32f4xx_hal_gpio.c.obj
                                        0x529 (size before relaxing)
 .debug_str     0x0000000000001cfb      0x8bd CMakeFiles/CJMCU_811.elf.dir/Drivers/STM32F4xx_HAL_Driver/Src/stm32f4xx_hal_i2c.c.obj
                                       0x106c (size before relaxing)
 .debug_str     0x00000000000025b8      0x1b0 CMakeFiles/CJMCU_811.elf.dir/Drivers/STM32F4xx_HAL_Driver/Src/stm32f4xx_hal_rcc.c.obj
                                        0x74f (size before relaxing)

.comment        0x0000000000000000       0x1e
 .comment       0x0000000000000000       0x1e CMakeFiles/CJMCU_811.elf.dir/Core/Src/LiquidCrystal.c.obj
                                         0x1f (size before relaxing)
 .comment       0x000000000000001e       0x1f CMakeFiles/CJMCU_811.elf.dir/Core/Src/main.c.obj
 .comment       0x000000000000001e       0x1f CMakeFiles/CJMCU_811.elf.dir/Core/Src/stm32f4xx_hal_msp.c.obj
 .comment       0x000000000000001e       0x1f CMakeFiles/CJMCU_811.elf.dir/Core/Src/stm32f4xx_it.c.obj
 .comment       0x000000000000001e       0x1f CMakeFiles/CJMCU_811.elf.dir/Core/Src/system_stm32f4xx.c.obj
 .comment       0x000000000000001e       0x1f CMakeFiles/CJMCU_811.elf.dir/Drivers/STM32F4xx_HAL_Driver/Src/stm32f4xx_hal.c.obj
 .comment       0x000000000000001e       0x1f CMakeFiles/CJMCU_811.elf.dir/Drivers/STM32F4xx_HAL_Driver/Src/stm32f4xx_hal_cortex.c.obj
 .comment       0x000000000000001e       0x1f CMakeFiles/CJMCU_811.elf.dir/Drivers/STM32F4xx_HAL_Driver/Src/stm32f4xx_hal_gpio.c.obj
 .comment       0x000000000000001e       0x1f CMakeFiles/CJMCU_811.elf.dir/Drivers/STM32F4xx_HAL_Driver/Src/stm32f4xx_hal_i2c.c.obj
 .comment       0x000000000000001e       0x1f CMakeFiles/CJMCU_811.elf.dir/Drivers/STM32F4xx_HAL_Driver/Src/stm32f4xx_hal_rcc.c.obj

.debug_frame    0x0000000000000000     0x1514
 .debug_frame   0x0000000000000000      0x18c CMakeFiles/CJMCU_811.elf.dir/Core/Src/LiquidCrystal.c.obj
 .debug_frame   0x000000000000018c       0xf8 CMakeFiles/CJMCU_811.elf.dir/Core/Src/main.c.obj
 .debug_frame   0x0000000000000284       0x64 CMakeFiles/CJMCU_811.elf.dir/Core/Src/stm32f4xx_hal_msp.c.obj
 .debug_frame   0x00000000000002e8       0xc0 CMakeFiles/CJMCU_811.elf.dir/Core/Src/stm32f4xx_it.c.obj
 .debug_frame   0x00000000000003a8       0x30 CMakeFiles/CJMCU_811.elf.dir/Core/Src/system_stm32f4xx.c.obj
 .debug_frame   0x00000000000003d8      0x1ec CMakeFiles/CJMCU_811.elf.dir/Drivers/STM32F4xx_HAL_Driver/Src/stm32f4xx_hal.c.obj
 .debug_frame   0x00000000000005c4      0x148 CMakeFiles/CJMCU_811.elf.dir/Drivers/STM32F4xx_HAL_Driver/Src/stm32f4xx_hal_cortex.c.obj
 .debug_frame   0x000000000000070c       0xd8 CMakeFiles/CJMCU_811.elf.dir/Drivers/STM32F4xx_HAL_Driver/Src/stm32f4xx_hal_gpio.c.obj
 .debug_frame   0x00000000000007e4      0x968 CMakeFiles/CJMCU_811.elf.dir/Drivers/STM32F4xx_HAL_Driver/Src/stm32f4xx_hal_i2c.c.obj
 .debug_frame   0x000000000000114c      0x16c CMakeFiles/CJMCU_811.elf.dir/Drivers/STM32F4xx_HAL_Driver/Src/stm32f4xx_hal_rcc.c.obj
 .debug_frame   0x00000000000012b8       0x2c /usr/lib/gcc/arm-none-eabi/10.2.0/thumb/v7e-m/nofp/libgcc.a(_aeabi_uldivmod.o)
 .debug_frame   0x00000000000012e4       0x38 /usr/lib/gcc/arm-none-eabi/10.2.0/thumb/v7e-m/nofp/libgcc.a(_udivmoddi4.o)
 .debug_frame   0x000000000000131c       0x20 /usr/lib/gcc/arm-none-eabi/10.2.0/../../../../arm-none-eabi/lib/thumb/v7e-m/nofp/libg.a(lib_a-atexit.o)
 .debug_frame   0x000000000000133c       0x34 /usr/lib/gcc/arm-none-eabi/10.2.0/../../../../arm-none-eabi/lib/thumb/v7e-m/nofp/libg.a(lib_a-fini.o)
 .debug_frame   0x0000000000001370       0x2c /usr/lib/gcc/arm-none-eabi/10.2.0/../../../../arm-none-eabi/lib/thumb/v7e-m/nofp/libg.a(lib_a-init.o)
 .debug_frame   0x000000000000139c       0x38 /usr/lib/gcc/arm-none-eabi/10.2.0/../../../../arm-none-eabi/lib/thumb/v7e-m/nofp/libg.a(lib_a-memset.o)
 .debug_frame   0x00000000000013d4       0x34 /usr/lib/gcc/arm-none-eabi/10.2.0/../../../../arm-none-eabi/lib/thumb/v7e-m/nofp/libg.a(lib_a-__atexit.o)
 .debug_frame   0x0000000000001408       0x5c /usr/lib/gcc/arm-none-eabi/10.2.0/../../../../arm-none-eabi/lib/thumb/v7e-m/nofp/libg.a(lib_a-__call_atexit.o)
 .debug_frame   0x0000000000001464       0xb0 /usr/lib/gcc/arm-none-eabi/10.2.0/../../../../arm-none-eabi/lib/thumb/v7e-m/nofp/libg.a(lib_a-lock.o)
